// Jest Snapshot v1, https://goo.gl/fbAQLP

exports[`Storyshots List Users List Users 1`] = `
<div>
  Loading
</div>
`;
