// Jest Snapshot v1, https://goo.gl/fbAQLP

exports[`When updating the status of a crossing To CAUTION with REASON as admin@community.floods In the same community as the crossing before updating should give it a status 1`] = `"New"`;

exports[`When updating the status of a crossing To CAUTION with REASON as admin@community.floods In the same community as the crossing before updating should give it a status 2`] = `"Second"`;

exports[`When updating the status of a crossing To CAUTION with REASON as admin@community.floods In the same community as the crossing should update the status 1`] = `"CAUTION with REASON"`;

exports[`When updating the status of a crossing To CAUTION with REASON as admin@community.floods In the same community as the crossing the new status should show up in the DB 1`] = `"CAUTION with REASON"`;

exports[`When updating the status of a crossing To CAUTION with REASON as admin@community.floods In the same community as the crossing the second crossing should still have the original status 1`] = `"Second"`;

exports[`When updating the status of a crossing To CAUTION with REASON as editor@community.floods In the same community as the crossing before updating should give it a status 1`] = `"New"`;

exports[`When updating the status of a crossing To CAUTION with REASON as editor@community.floods In the same community as the crossing before updating should give it a status 2`] = `"Second"`;

exports[`When updating the status of a crossing To CAUTION with REASON as editor@community.floods In the same community as the crossing should update the status 1`] = `"CAUTION with REASON"`;

exports[`When updating the status of a crossing To CAUTION with REASON as editor@community.floods In the same community as the crossing the new status should show up in the DB 1`] = `"CAUTION with REASON"`;

exports[`When updating the status of a crossing To CAUTION with REASON as editor@community.floods In the same community as the crossing the second crossing should still have the original status 1`] = `"Second"`;

exports[`When updating the status of a crossing To CAUTION with REASON as superadmin@flo.ods  before updating should give it a status 1`] = `"New"`;

exports[`When updating the status of a crossing To CAUTION with REASON as superadmin@flo.ods  before updating should give it a status 2`] = `"Second"`;

exports[`When updating the status of a crossing To CAUTION with REASON as superadmin@flo.ods  should update the status 1`] = `"CAUTION with REASON"`;

exports[`When updating the status of a crossing To CAUTION with REASON as superadmin@flo.ods  the new status should show up in the DB 1`] = `"CAUTION with REASON"`;

exports[`When updating the status of a crossing To CAUTION with REASON as superadmin@flo.ods  the second crossing should still have the original status 1`] = `"Second"`;

exports[`When updating the status of a crossing To CLOSED with REASON that matches status as admin@community.floods In the same community as the crossing before updating should give it a status 1`] = `"New"`;

exports[`When updating the status of a crossing To CLOSED with REASON that matches status as admin@community.floods In the same community as the crossing before updating should give it a status 2`] = `"Second"`;

exports[`When updating the status of a crossing To CLOSED with REASON that matches status as admin@community.floods In the same community as the crossing should update the status 1`] = `"CLOSED with REASON"`;

exports[`When updating the status of a crossing To CLOSED with REASON that matches status as admin@community.floods In the same community as the crossing the new status should show up in the DB 1`] = `"CLOSED with REASON"`;

exports[`When updating the status of a crossing To CLOSED with REASON that matches status as admin@community.floods In the same community as the crossing the second crossing should still have the original status 1`] = `"Second"`;

exports[`When updating the status of a crossing To CLOSED with REASON that matches status as editor@community.floods In the same community as the crossing before updating should give it a status 1`] = `"New"`;

exports[`When updating the status of a crossing To CLOSED with REASON that matches status as editor@community.floods In the same community as the crossing before updating should give it a status 2`] = `"Second"`;

exports[`When updating the status of a crossing To CLOSED with REASON that matches status as editor@community.floods In the same community as the crossing should update the status 1`] = `"CLOSED with REASON"`;

exports[`When updating the status of a crossing To CLOSED with REASON that matches status as editor@community.floods In the same community as the crossing the new status should show up in the DB 1`] = `"CLOSED with REASON"`;

exports[`When updating the status of a crossing To CLOSED with REASON that matches status as editor@community.floods In the same community as the crossing the second crossing should still have the original status 1`] = `"Second"`;

exports[`When updating the status of a crossing To CLOSED with REASON that matches status as superadmin@flo.ods  before updating should give it a status 1`] = `"New"`;

exports[`When updating the status of a crossing To CLOSED with REASON that matches status as superadmin@flo.ods  before updating should give it a status 2`] = `"Second"`;

exports[`When updating the status of a crossing To CLOSED with REASON that matches status as superadmin@flo.ods  should update the status 1`] = `"CLOSED with REASON"`;

exports[`When updating the status of a crossing To CLOSED with REASON that matches status as superadmin@flo.ods  the new status should show up in the DB 1`] = `"CLOSED with REASON"`;

exports[`When updating the status of a crossing To CLOSED with REASON that matches status as superadmin@flo.ods  the second crossing should still have the original status 1`] = `"Second"`;

exports[`When updating the status of a crossing To LONG TERM CLOSURE with REASON and DURATION and both match status as admin@community.floods In the same community as the crossing before updating should give it a status 1`] = `"New"`;

exports[`When updating the status of a crossing To LONG TERM CLOSURE with REASON and DURATION and both match status as admin@community.floods In the same community as the crossing before updating should give it a status 2`] = `"Second"`;

exports[`When updating the status of a crossing To LONG TERM CLOSURE with REASON and DURATION and both match status as admin@community.floods In the same community as the crossing should update the status 1`] = `"LONG TERM CLOSURE with REASON and DURATION"`;

exports[`When updating the status of a crossing To LONG TERM CLOSURE with REASON and DURATION and both match status as admin@community.floods In the same community as the crossing the new status should show up in the DB 1`] = `"LONG TERM CLOSURE with REASON and DURATION"`;

exports[`When updating the status of a crossing To LONG TERM CLOSURE with REASON and DURATION and both match status as admin@community.floods In the same community as the crossing the second crossing should still have the original status 1`] = `"Second"`;

exports[`When updating the status of a crossing To LONG TERM CLOSURE with REASON and DURATION and both match status as editor@community.floods In the same community as the crossing before updating should give it a status 1`] = `"New"`;

exports[`When updating the status of a crossing To LONG TERM CLOSURE with REASON and DURATION and both match status as editor@community.floods In the same community as the crossing before updating should give it a status 2`] = `"Second"`;

exports[`When updating the status of a crossing To LONG TERM CLOSURE with REASON and DURATION and both match status as editor@community.floods In the same community as the crossing should update the status 1`] = `"LONG TERM CLOSURE with REASON and DURATION"`;

exports[`When updating the status of a crossing To LONG TERM CLOSURE with REASON and DURATION and both match status as editor@community.floods In the same community as the crossing the new status should show up in the DB 1`] = `"LONG TERM CLOSURE with REASON and DURATION"`;

exports[`When updating the status of a crossing To LONG TERM CLOSURE with REASON and DURATION and both match status as editor@community.floods In the same community as the crossing the second crossing should still have the original status 1`] = `"Second"`;

exports[`When updating the status of a crossing To LONG TERM CLOSURE with REASON and DURATION and both match status as superadmin@flo.ods  before updating should give it a status 1`] = `"New"`;

exports[`When updating the status of a crossing To LONG TERM CLOSURE with REASON and DURATION and both match status as superadmin@flo.ods  before updating should give it a status 2`] = `"Second"`;

exports[`When updating the status of a crossing To LONG TERM CLOSURE with REASON and DURATION and both match status as superadmin@flo.ods  should update the status 1`] = `"LONG TERM CLOSURE with REASON and DURATION"`;

exports[`When updating the status of a crossing To LONG TERM CLOSURE with REASON and DURATION and both match status as superadmin@flo.ods  the new status should show up in the DB 1`] = `"LONG TERM CLOSURE with REASON and DURATION"`;

exports[`When updating the status of a crossing To LONG TERM CLOSURE with REASON and DURATION and both match status as superadmin@flo.ods  the second crossing should still have the original status 1`] = `"Second"`;

exports[`When updating the status of a crossing To OPEN with no REASON or DURATION as admin@community.floods In the same community as the crossing before updating should give it a status 1`] = `"New"`;

exports[`When updating the status of a crossing To OPEN with no REASON or DURATION as admin@community.floods In the same community as the crossing before updating should give it a status 2`] = `"Second"`;

exports[`When updating the status of a crossing To OPEN with no REASON or DURATION as admin@community.floods In the same community as the crossing should update the status 1`] = `"OPEN with no REASON or DURATION"`;

exports[`When updating the status of a crossing To OPEN with no REASON or DURATION as admin@community.floods In the same community as the crossing the new status should show up in the DB 1`] = `"OPEN with no REASON or DURATION"`;

exports[`When updating the status of a crossing To OPEN with no REASON or DURATION as admin@community.floods In the same community as the crossing the second crossing should still have the original status 1`] = `"Second"`;

exports[`When updating the status of a crossing To OPEN with no REASON or DURATION as editor@community.floods In the same community as the crossing before updating should give it a status 1`] = `"New"`;

exports[`When updating the status of a crossing To OPEN with no REASON or DURATION as editor@community.floods In the same community as the crossing before updating should give it a status 2`] = `"Second"`;

exports[`When updating the status of a crossing To OPEN with no REASON or DURATION as editor@community.floods In the same community as the crossing should update the status 1`] = `"OPEN with no REASON or DURATION"`;

exports[`When updating the status of a crossing To OPEN with no REASON or DURATION as editor@community.floods In the same community as the crossing the new status should show up in the DB 1`] = `"OPEN with no REASON or DURATION"`;

exports[`When updating the status of a crossing To OPEN with no REASON or DURATION as editor@community.floods In the same community as the crossing the second crossing should still have the original status 1`] = `"Second"`;

exports[`When updating the status of a crossing To OPEN with no REASON or DURATION as superadmin@flo.ods  before updating should give it a status 1`] = `"New"`;

exports[`When updating the status of a crossing To OPEN with no REASON or DURATION as superadmin@flo.ods  before updating should give it a status 2`] = `"Second"`;

exports[`When updating the status of a crossing To OPEN with no REASON or DURATION as superadmin@flo.ods  should update the status 1`] = `"OPEN with no REASON or DURATION"`;

exports[`When updating the status of a crossing To OPEN with no REASON or DURATION as superadmin@flo.ods  the new status should show up in the DB 1`] = `"OPEN with no REASON or DURATION"`;

exports[`When updating the status of a crossing To OPEN with no REASON or DURATION as superadmin@flo.ods  the second crossing should still have the original status 1`] = `"Second"`;
